// Jest Snapshot v1, https://goo.gl/fbAQLP

exports[`renders correctly 1`] = `
<View
  style={
    Object {
      "alignItems": "center",
      "backgroundColor": "#F5FCFF",
      "flex": 1,
      "justifyContent": "center",
    }
  }
>
  <Text
    accessible={true}
    allowFontScaling={true}
    ellipsizeMode="tail"
    style={
      Object {
        "fontSize": 20,
        "margin": 10,
        "textAlign": "center",
      }
    }
  >
    Welcome to NEW ZeroNet
  </Text>
  <Text
    accessible={true}
    allowFontScaling={true}
    ellipsizeMode="tail"
    style={
      Object {
        "color": "#333333",
        "marginBottom": 5,
        "textAlign": "center",
      }
    }
  >
    To get started, edit App.js
  </Text>
  <Text
    accessible={true}
    allowFontScaling={true}
    ellipsizeMode="tail"
    style={
      Object {
        "color": "#333333",
        "marginBottom": 5,
        "textAlign": "center",
      }
    }
  >
    I see you iOS
  </Text>
  <Text
    accessible={true}
    allowFontScaling={true}
    ellipsizeMode="tail"
    style={
      Object {
        "color": "#333333",
        "marginBottom": 5,
        "textAlign": "center",
      }
    }
  >
    Debugging Results
  </Text>
  <View
    style={
      Object {
        "backgroundColor": "rgba(30, 30, 30, 0.2)",
        "padding": 15,
      }
    }
  >
    <Text
      accessible={true}
      allowFontScaling={true}
      ellipsizeMode="tail"
      style={
        Object {
          "color": "rgb(180, 30, 30)",
        }
      }
    >
      mounted.
    </Text>
  </View>
  <View
    accessibilityComponentType="button"
    accessibilityTraits={
      Array [
        "button",
      ]
    }
    accessible={true}
    isTVSelectable={true}
    onResponderGrant={[Function]}
    onResponderMove={[Function]}
    onResponderRelease={[Function]}
    onResponderTerminate={[Function]}
    onResponderTerminationRequest={[Function]}
    onStartShouldSetResponder={[Function]}
    style={
      Object {
        "opacity": 1,
      }
    }
  >
    <View
      style={
        Array [
          Object {},
        ]
      }
    >
      <Text
        accessible={true}
        allowFontScaling={true}
        ellipsizeMode="tail"
        style={
          Array [
            Object {
              "color": "#007AFF",
              "fontSize": 18,
              "padding": 8,
              "textAlign": "center",
            },
            Object {
              "color": "#841584",
            },
          ]
        }
      >
        Connect
      </Text>
    </View>
  </View>
  <View
    accessibilityComponentType="button"
    accessibilityTraits={
      Array [
        "button",
      ]
    }
    accessible={true}
    isTVSelectable={true}
    onResponderGrant={[Function]}
    onResponderMove={[Function]}
    onResponderRelease={[Function]}
    onResponderTerminate={[Function]}
    onResponderTerminationRequest={[Function]}
    onStartShouldSetResponder={[Function]}
    style={
      Object {
        "opacity": 1,
      }
    }
  >
    <View
      style={
        Array [
          Object {},
        ]
      }
    >
      <Text
        accessible={true}
        allowFontScaling={true}
        ellipsizeMode="tail"
        style={
          Array [
            Object {
              "color": "#007AFF",
              "fontSize": 18,
              "padding": 8,
              "textAlign": "center",
            },
            Object {
              "color": "#841584",
            },
          ]
        }
      >
        Get File
      </Text>
    </View>
  </View>
  <View
    accessibilityComponentType="button"
    accessibilityTraits={
      Array [
        "button",
      ]
    }
    accessible={true}
    isTVSelectable={true}
    onResponderGrant={[Function]}
    onResponderMove={[Function]}
    onResponderRelease={[Function]}
    onResponderTerminate={[Function]}
    onResponderTerminationRequest={[Function]}
    onStartShouldSetResponder={[Function]}
    style={
      Object {
        "opacity": 1,
      }
    }
  >
    <View
      style={
        Array [
          Object {},
        ]
      }
    >
      <Text
        accessible={true}
        allowFontScaling={true}
        ellipsizeMode="tail"
        style={
          Array [
            Object {
              "color": "#007AFF",
              "fontSize": 18,
              "padding": 8,
              "textAlign": "center",
            },
            Object {
              "color": "#841584",
            },
          ]
        }
      >
        Ping
      </Text>
    </View>
  </View>
  <View
    accessibilityComponentType="button"
    accessibilityTraits={
      Array [
        "button",
      ]
    }
    accessible={true}
    isTVSelectable={true}
    onResponderGrant={[Function]}
    onResponderMove={[Function]}
    onResponderRelease={[Function]}
    onResponderTerminate={[Function]}
    onResponderTerminationRequest={[Function]}
    onStartShouldSetResponder={[Function]}
    style={
      Object {
        "opacity": 1,
      }
    }
  >
    <View
      style={
        Array [
          Object {},
        ]
      }
    >
      <Text
        accessible={true}
        allowFontScaling={true}
        ellipsizeMode="tail"
        style={
          Array [
            Object {
              "color": "#007AFF",
              "fontSize": 18,
              "padding": 8,
              "textAlign": "center",
            },
            Object {
              "color": "#841584",
            },
          ]
        }
      >
        Peer Exchange
      </Text>
    </View>
  </View>
</View>
`;
